https://stackoverflow.com/questions/36403101/toggle-class-in-react

https://stackoverflow.com/questions/36209432/how-to-dynamically-add-a-class-to-manual-class-names
https://devdojo.com/krissanawat101/3-ways-for-toggle-a-class-in-react


https://stackoverflow.com/questions/60482018/make-a-sidebar-from-react-bootstrap

https://www.youtube.com/watch?v=tuuLDy1dev0&list=PL6gx4Cwl9DGBPw1sFodruZUPheWVKchlM&index=11

https://devdojo.com/krissanawat101/3-ways-for-toggle-a-class-in-react

input button absolute 
https://www.youtube.com/watch?v=kr5nR6qHScA

styles 
https://www.youtube.com/watch?v=5R9jFHlG6ik


storybook cypress
https://www.youtube.com/watch?v=qsWtc5c8V-8
