tutorial on nextjs from website
1) can you see the difference in chrome debugger? 
server_render directory structure  pages/api -- there should be entry point defined in config files

tsconfig.json determines the ts project defaults. A configuration for a node server is to ts-> ts.d and .js files and sourcemaps for debugging

what additional API restrictions do we need to add for ML applications? 
1) deploy on AWS
2) event bus for updating data to models

