init: 
1) add javascript libreis for xy chart, animation
2) add div in body, create root and chart instances
1)  am5.ready(function() {
       ...add code here
    })


2)  am5.ready(function() {
      var root = am5.Root.new("chartdiv");
      var chart = root.container.children.push(am5xy.XYChart.new(root, {
              panX: true,
              panY: true,
              wheelY: "zoomXY",
              pinchZoomX: true,
              pinchZoomY: true
            }));
    })


