https://www.youtube.com/watch?v=0Lchr1Jcgjo&t=5s

https://stackoverflow.com/questions/43969578/react-createelement-type-is-invalid-expected-a-string-for-built-in-componen

commonjs vs es modules. 

browsers support common js. node supported es modules. 
pre 202X

post 202X browsers were updasted to support ES modules. 

