d3 can output to svg or canvas
https://observablehq.com/@d3/d3-line


d3 reactive 
https://github.com/Zemnmez/reactive-d3

is this reactive? 


https://blog.shahednasser.com/how-to-read-and-write-csv-files-using-node-js-and-express/


https://vizartpandey.com/creating-simple-line-charts-using-d3-js-part-01/
