1) cant delete cloud formation stack

https://aws.amazon.com/premiumsupport/knowledge-center/cloudformation-role-arn-error/

follow this for error message" 
(base) dougchang@Dougs-MacBook-Pro ~/Documents/GitHub/test_stuff/test_cdk/cdk_bucket % aws cloudformation delete-stack --stack-name StaticSitePythonStack   

An error occurred (ValidationError) when calling the DeleteStack operation: Role arn:aws:iam::669059827483:role/cdk-hnb659fds-cfn-exec-role-669059827483-us-west-2 is invalid or cannot be assumed


Follow the instructions edit the trust policy to make sure the resource is cloud formation and has the assume role line


2) cdk bootstrap 

cdk bootstrap aws://669059827483/us-west-2

